<?xml version="1.0" encoding="UTF-8" standalone="yes"?>
<payment xmlns="http://www.elastic-payments.com/schema/payment" self="https://api-test.wirecard.com:443/engine/rest/merchants/33f6d473-3036-4ca5-acb5-8c64dac862d1/payments/de636b27-5b20-4cd7-a9b5-f83b127f9cba">
    <merchant-account-id ref="https://api-test.wirecard.com:443/engine/rest/config/merchants/33f6d473-3036-4ca5-acb5-8c64dac862d1">33f6d473-3036-4ca5-acb5-8c64dac862d1</merchant-account-id>
    <transaction-id>de636b27-5b20-4cd7-a9b5-f83b127f9cba</transaction-id>
    <request-id>6b59ba09-23f0-4a27-8b05-a5c1801f6628</request-id>
    <transaction-type>authorization</transaction-type>
    <transaction-state>success</transaction-state>
    <completion-time-stamp>2020-02-20T13:57:14.000Z</completion-time-stamp>
    <statuses>
        <status code="201.0000" description="3d-acquirer:The resource was successfully created." severity="information"/>
        <status code="200.1083" description="3d-acquirer:Cardholder Successfully authenticated." severity="information"/>
    </statuses>
    <requested-amount currency="EUR">10.00</requested-amount>
    <parent-transaction-id>5e8ff097-bce1-4c6b-aba3-48da42fdfc11</parent-transaction-id>
    <account-holder>
        <first-name>Manon</first-name>
        <last-name>Mertens</last-name>
        <email>m.mertens@example.com</email>
        <phone>+3228089336</phone>
        <address>
            <street1>Rue de la Loi 1</street1>
            <city>Brussels</city>
            <state>BRU</state>
            <country>BE</country>
            <postal-code>1000</postal-code>
        </address>
        <merchant-crm-id>XWLfrzuGhpajYxFiFgNScwcLhtIOvXNxMIcrxIPTHqgroaFiPNDqMxGBXYUhMVBZ</merchant-crm-id>
    </account-holder>
    <shipping>
        <first-name>Manon</first-name>
        <last-name>Mertens</last-name>
        <address>
            <street1>Rue de la Loi 1</street1>
            <city>Brussels</city>
            <state>BRU</state>
            <country>BE</country>
            <postal-code>1000</postal-code>
        </address>
        <shipping-method>home_delivery</shipping-method>
    </shipping>
    <card>
        <expiration-month>1</expiration-month>
        <expiration-year>2023</expiration-year>
        <card-type>mastercard</card-type>
    </card>
    <card-token>
        <token-id>5489620654931192</token-id>
        <masked-account-number>541333******1192</masked-account-number>
    </card-token>
    <ip-address>127.0.0.1</ip-address>
    <order-detail>05ff7df6-e714-0993-9115-c5d4dd2b8da2</order-detail>
    <descriptor>3DS-2 Use-Cases: Delayed Shipment - Expected Delay less than 90 days</descriptor>
    <notifications format="application/json">
        <notification url="http://www.webhook.site/68f1326e-311d-4ef8-a998-1c3c66cc497a"/>
    </notifications>
    <payment-methods>
        <payment-method name="creditcard"/>
    </payment-methods>
    <parent-transaction-amount currency="EUR">10.000000</parent-transaction-amount>
    <authorization-code>278524</authorization-code>
    <three-d>
        <cardholder-authentication-status>Y</cardholder-authentication-status>
        <version_requested>2.1.0</version_requested>
    </three-d>
    <api-id>elastic-api</api-id>
    <provider-account-id>70003</provider-account-id>
</payment>