<?xml version="1.0" encoding="UTF-8" standalone="yes"?>
<payment xmlns="http://www.elastic-payments.com/schema/payment" self="https://api-test.wirecard.com:443/engine/rest/merchants/33f6d473-3036-4ca5-acb5-8c64dac862d1/payments/01a5dd70-813c-4f55-a02b-a60f70bb6b54">
    <merchant-account-id ref="https://api-test.wirecard.com:443/engine/rest/config/merchants/33f6d473-3036-4ca5-acb5-8c64dac862d1">33f6d473-3036-4ca5-acb5-8c64dac862d1</merchant-account-id>
    <transaction-id>01a5dd70-813c-4f55-a02b-a60f70bb6b54</transaction-id>
    <request-id>4f0ed781-7187-4789-b76a-6ed9dda577bd</request-id>
    <transaction-type>authorization-only</transaction-type>
    <transaction-state>success</transaction-state>
    <completion-time-stamp>2020-02-20T13:50:50.000Z</completion-time-stamp>
    <statuses>
        <status code="201.0000" description="3d-acquirer:The resource was successfully created." severity="information"/>
    </statuses>
    <csc-code>N</csc-code>
    <requested-amount currency="EUR">0</requested-amount>
    <account-holder>
        <first-name>Manon</first-name>
        <last-name>Mertens</last-name>
        <email>m.mertens@example.com</email>
        <phone>+3228089336</phone>
        <mobile-phone>+32496000000</mobile-phone>
        <address>
            <street1>Rue de la Loi 1</street1>
            <city>Brussels</city>
            <state>BRU</state>
            <country>BE</country>
            <postal-code>1000</postal-code>
        </address>
    </account-holder>
    <card>
        <expiration-month>1</expiration-month>
        <expiration-year>2023</expiration-year>
        <card-type>mastercard</card-type>
    </card>
    <card-token>
        <token-id>5489620654931192</token-id>
        <masked-account-number>541333******1192</masked-account-number>
    </card-token>
    <order-detail>05ff7df6-e714-0993-9115-c5d4dd2b8da2</order-detail>
    <descriptor>3DS-2 Use-Cases: Delayed Shipment - Expected Delay less than 90 days</descriptor>
    <authorization-code>638541</authorization-code>
    <api-id>elastic-api</api-id>
    <provider-account-id>70003</provider-account-id>
</payment>