<?xml version="1.0" encoding="UTF-8" standalone="yes"?>
<payment xmlns="http://www.elastic-payments.com/schema/payment">
    <merchant-account-id>33f6d473-3036-4ca5-acb5-8c64dac862d1</merchant-account-id>
    <request-id>{{$guid}}</request-id>
    <transaction-type>authorization</transaction-type>
    <requested-amount currency="EUR">10.00</requested-amount>
    <parent-transaction-id>d2ac9858-8d7e-45ca-ac72-7c05da9d21af</parent-transaction-id>
    <authorization-reason>reauthorization</authorization-reason>
    <order-detail>{{$handler}}</order-detail>
    <descriptor>{{$descriptor}}</descriptor>
</payment>