<?xml version="1.0" encoding="UTF-8" standalone="yes"?>
<payment xmlns="http://www.elastic-payments.com/schema/payment">
    <merchant-account-id>33f6d473-3036-4ca5-acb5-8c64dac862d1</merchant-account-id>
    <request-id>{{$guid}}</request-id>
    <transaction-type>authorization-only</transaction-type>
    <requested-amount currency="EUR">0</requested-amount>
    <card>
        <account-number>5413330300201192</account-number>
        <expiration-month>01</expiration-month>
        <expiration-year>2023</expiration-year>
        <card-security-code>192</card-security-code>
        <card-type>mastercard</card-type>
        <account-type>02</account-type>
    </card>
    <account-holder>
        <first-name>Paul</first-name>
        <last-name>Peterson</last-name>
        <email>ppeter@example.com</email>
        <mobile-phone>+1 773-945-6175</mobile-phone>
        <address>
            <street1>978C Golf Street</street1>
            <city>Round Lake</city>
            <state>IL</state>
            <country>US</country>
            <postal-code>60073</postal-code>
        </address>
    </account-holder>
    <order-detail>{{$handler}}</order-detail>
    <descriptor>{{$descriptor}}</descriptor>
</payment>